2026-03-01T00:09:47.123Z [DEBUG] [LSP MANAGER] Starting async initialization (generation 1)
2026-03-01T00:09:47.125Z [DEBUG] [API:request] Creating client, ANTHROPIC_CUSTOM_HEADERS present: false, has Authorization header: false
2026-03-01T00:09:47.125Z [DEBUG] [API:auth] OAuth token check starting
2026-03-01T00:09:47.126Z [DEBUG] Total LSP servers loaded: 0
2026-03-01T00:09:47.126Z [DEBUG] [STARTUP] MCP configs loaded in 1300ms
2026-03-01T00:09:47.130Z [DEBUG] CLAUDE_CODE_WEBSOCKET_AUTH_FILE_DESCRIPTOR not set, no file descriptor token available
2026-03-01T00:09:47.137Z [DEBUG] MCP server "neuronlayer": Starting connection with timeout of 30000ms
2026-03-01T00:09:47.159Z [DEBUG] [LSP SERVER MANAGER] getAllLspServers returned 0 server(s)
2026-03-01T00:09:47.159Z [DEBUG] LSP manager initialized with 0 servers
2026-03-01T00:09:47.160Z [DEBUG] Getting matching hook commands for SessionStart with query: startup
2026-03-01T00:09:47.160Z [DEBUG] Found 0 hook matchers in settings
2026-03-01T00:09:47.160Z [DEBUG] Matched 0 unique hooks for query "startup" (0 before deduplication)
2026-03-01T00:09:47.161Z [DEBUG] Initialized versioned plugins system with 0 plugins
2026-03-01T00:09:47.161Z [DEBUG] LSP server manager initialized successfully
2026-03-01T00:09:47.161Z [DEBUG] LSP notification handlers registered successfully for all 0 server(s)
2026-03-01T00:09:47.162Z [DEBUG] [Reconnection] computeInitialTeamContext: No teammate context set (not a teammate)
2026-03-01T00:09:47.165Z [DEBUG] Writing to temp file: C:\Users\abhis\.claude.json.tmp.12460.1772323787165
2026-03-01T00:09:47.166Z [DEBUG] Preserving file permissions: 100666
2026-03-01T00:09:47.166Z [DEBUG] Temp file written successfully, size: 25033 bytes
2026-03-01T00:09:47.166Z [DEBUG] Applied original permissions to temp file
2026-03-01T00:09:47.166Z [DEBUG] Renaming C:\Users\abhis\.claude.json.tmp.12460.1772323787165 to C:\Users\abhis\.claude.json
2026-03-01T00:09:47.167Z [DEBUG] File C:\Users\abhis\.claude.json written atomically
2026-03-01T00:09:47.172Z [DEBUG] [API:auth] OAuth token check complete
2026-03-01T00:09:47.241Z [DEBUG] [keybindings] KeybindingSetup initialized with 104 bindings, 0 warnings
2026-03-01T00:09:47.334Z [DEBUG] [REPL:mount] REPL mounted, disabled=false
2026-03-01T00:09:47.337Z [DEBUG] Official marketplace auto-install skipped: already_attempted
2026-03-01T00:09:47.338Z [DEBUG] performStartupChecks called
2026-03-01T00:09:47.338Z [DEBUG] Starting background plugin installations
2026-03-01T00:09:47.350Z [DEBUG] No CLAUDE.md/rules files found
2026-03-01T00:09:47.355Z [DEBUG] AutoUpdaterWrapper: Installation type: npm-global
2026-03-01T00:09:47.359Z [DEBUG] performBackgroundPluginInstallations called
2026-03-01T00:09:48.195Z [DEBUG] [claudeai-mcp] Checking gate (cached)...
2026-03-01T00:09:48.195Z [DEBUG] [claudeai-mcp] Gate returned: true
2026-03-01T00:09:48.195Z [DEBUG] [claudeai-mcp] Fetching from https://api.anthropic.com/v1/mcp_servers?limit=1000
2026-03-01T00:09:48.290Z [DEBUG] Setting installation status: 0 marketplaces, 0 installable plugins, 0 uninstallable plugins
2026-03-01T00:09:48.326Z [DEBUG] Ripgrep first use test: PASSED (mode=builtin, path=C:\Users\abhis\AppData\Roaming\npm\node_modules\@anthropic-ai\claude-code\vendor\ripgrep\x64-win32\rg.exe)
2026-03-01T00:09:48.369Z [DEBUG] Watching for changes in setting files C:\Users\abhis\.claude\settings.json, C:\Users\abhis\Desktop\fullstackoverweekend\MemoryLayer\.claude\settings.json, C:\Users\abhis\Desktop\fullstackoverweekend\MemoryLayer\.claude\settings.local.json...
2026-03-01T00:09:48.376Z [DEBUG] [claudeai-mcp] Fetched 0 servers
2026-03-01T00:09:48.381Z [DEBUG] Security messages are fresh (<1h old), skipping fetch
2026-03-01T00:09:48.386Z [DEBUG] Loaded plugins - Enabled: 0, Disabled: 0, Commands: 0, Agents: 0, Errors: 0
2026-03-01T00:09:48.514Z [DEBUG] Org fast mode: disabled (extra_usage_disabled)
2026-03-01T00:09:55.942Z [DEBUG] Plugin autoupdate: skipped (auto-updater disabled)
2026-03-01T00:10:17.163Z [DEBUG] MCP server "neuronlayer": Connection timeout triggered after 30034ms (limit: 30000ms)
2026-03-01T00:10:17.164Z [ERROR] MCP server "neuronlayer" Server stderr: NeuronLayer starting...
Project: C:\Users\abhis\Desktop\fullstackoverweekend\MemoryLayer
Data directory: C:\Users\abhis\Desktop\fullstackoverweekend\MemoryLayer\.neuronlayer
2026-03-01T00:10:17.165Z [DEBUG] MCP server "neuronlayer": Connection failed after 30035ms: MCP server "neuronlayer" connection timed out after 30000ms
2026-03-01T00:10:17.165Z [ERROR] MCP server "neuronlayer" Connection failed: MCP server "neuronlayer" connection timed out after 30000ms
2026-03-01T00:10:30.988Z [DEBUG] [REPL:unmount] REPL unmounting
